2026-05-20 18:15:15,147 - INFO - ============================================================
2026-05-20 18:15:15,149 - INFO - НАЧАЛО ДООБУЧЕНИЯ НА KAGGLE ДАТАСЕТЕ
2026-05-20 18:15:15,150 - INFO - ============================================================
2026-05-20 18:15:51,405 - INFO - ============================================================
2026-05-20 18:15:51,406 - INFO - НАЧАЛО ДООБУЧЕНИЯ НА KAGGLE ДАТАСЕТЕ
2026-05-20 18:15:51,408 - INFO - ============================================================
2026-05-20 18:15:51,410 - INFO - Размер обучающей выборки: 120537
2026-05-20 18:15:51,411 - INFO - Размер валидационной выборки: 15067
2026-05-20 18:15:51,412 - INFO - Epochs: 3
2026-05-20 18:15:51,413 - INFO - Learning rate: 1e-06
2026-05-20 18:34:25,351 - INFO - ============================================================
2026-05-20 18:34:25,353 - INFO - НАЧАЛО ДООБУЧЕНИЯ НА KAGGLE ДАТАСЕТЕ
2026-05-20 18:34:25,355 - INFO - ============================================================
2026-05-20 18:34:25,357 - INFO - Размер обучающей выборки: 61473
2026-05-20 18:34:25,358 - INFO - Размер валидационной выборки: 7684
2026-05-20 18:34:25,360 - INFO - Epochs: 3
2026-05-20 18:34:25,361 - INFO - Learning rate: 1e-06
2026-05-20 18:38:13,919 - INFO - ============================================================
2026-05-20 18:38:13,921 - INFO - НАЧАЛО ДООБУЧЕНИЯ НА KAGGLE ДАТАСЕТЕ
2026-05-20 18:38:13,922 - INFO - ============================================================
2026-05-20 18:38:13,923 - INFO - Размер обучающей выборки: 61473
2026-05-20 18:38:13,924 - INFO - Размер валидационной выборки: 7684
2026-05-20 18:38:13,925 - INFO - Epochs: 3
2026-05-20 18:38:13,926 - INFO - Learning rate: 1e-06
2026-05-20 18:43:25,713 - INFO - ============================================================
2026-05-20 18:43:25,713 - INFO - ============================================================
2026-05-20 18:43:25,715 - INFO - НАЧАЛО ДООБУЧЕНИЯ НА KAGGLE ДАТАСЕТЕ
2026-05-20 18:43:25,715 - INFO - НАЧАЛО ДООБУЧЕНИЯ НА KAGGLE ДАТАСЕТЕ
2026-05-20 18:43:25,717 - INFO - ============================================================
2026-05-20 18:43:25,717 - INFO - ============================================================
2026-05-20 18:43:25,719 - INFO - Размер обучающей выборки: 61473
2026-05-20 18:43:25,719 - INFO - Размер обучающей выборки: 61473
2026-05-20 18:43:25,721 - INFO - Размер валидационной выборки: 7684
2026-05-20 18:43:25,721 - INFO - Размер валидационной выборки: 7684
2026-05-20 18:43:25,722 - INFO - Epochs: 2
2026-05-20 18:43:25,722 - INFO - Epochs: 2
2026-05-20 18:43:25,724 - INFO - Learning rate: 1e-06
2026-05-20 18:43:25,724 - INFO - Learning rate: 1e-06
2026-05-20 18:58:24,111 - INFO - ============================================================
2026-05-20 18:58:24,112 - INFO - НАЧАЛО ДООБУЧЕНИЯ НА KAGGLE ДАТАСЕТЕ
2026-05-20 18:58:24,114 - INFO - ============================================================
2026-05-20 18:58:24,115 - INFO - Размер обучающей выборки: 61473
2026-05-20 18:58:24,116 - INFO - Размер валидационной выборки: 7684
2026-05-20 18:58:24,118 - INFO - Epochs: 2
2026-05-20 18:58:24,118 - INFO - Learning rate: 0.001
2026-05-20 19:04:01,639 - INFO - ============================================================
2026-05-20 19:04:01,641 - INFO - НАЧАЛО ДООБУЧЕНИЯ НА KAGGLE ДАТАСЕТЕ
2026-05-20 19:04:01,642 - INFO - ============================================================
2026-05-20 19:04:01,643 - INFO - Размер обучающей выборки: 179601
2026-05-20 19:04:01,644 - INFO - Размер валидационной выборки: 22450
2026-05-20 19:04:01,645 - INFO - Epochs: 1
2026-05-20 19:04:01,646 - INFO - Learning rate: 0.001
2026-05-20 19:27:07,617 - INFO - ============================================================
2026-05-20 19:27:07,618 - INFO - НАЧАЛО ДООБУЧЕНИЯ НА KAGGLE ДАТАСЕТЕ
2026-05-20 19:27:07,620 - INFO - ============================================================
2026-05-20 19:27:07,621 - INFO - Размер обучающей выборки: 60238
2026-05-20 19:27:07,622 - INFO - Размер валидационной выборки: 7530
2026-05-20 19:27:07,624 - INFO - Epochs: 1
2026-05-20 19:27:07,625 - INFO - Learning rate: 0.001
